Analysis & Synthesis report for ALU
Sat Dec 05 02:29:17 2020
Quartus II 64-Bit Version 13.1.0 Build 162 10/23/2013 SJ Web Edition


---------------------
; Table of Contents ;
---------------------
  1. Legal Notice
  2. Analysis & Synthesis Summary
  3. Analysis & Synthesis Settings
  4. Parallel Compilation
  5. Analysis & Synthesis Source Files Read
  6. Analysis & Synthesis Resource Usage Summary
  7. Analysis & Synthesis Resource Utilization by Entity
  8. General Register Statistics
  9. Multiplexer Restructuring Statistics (Restructuring Performed)
 10. Port Connectivity Checks: "kogge_stone:myAdder|black_cell:level_7D"
 11. Port Connectivity Checks: "kogge_stone:myAdder|black_cell:level_3C"
 12. Port Connectivity Checks: "kogge_stone:myAdder|black_cell:level_1B"
 13. Port Connectivity Checks: "kogge_stone:myAdder|black_cell:level_0A"
 14. Port Connectivity Checks: "MUL16x16:mul0|Kogge32b:ksa32|black_cell:level_15E"
 15. Port Connectivity Checks: "MUL16x16:mul0|Kogge32b:ksa32|black_cell:level_7D"
 16. Port Connectivity Checks: "MUL16x16:mul0|Kogge32b:ksa32|black_cell:level_3C"
 17. Port Connectivity Checks: "MUL16x16:mul0|Kogge32b:ksa32|black_cell:level_1B"
 18. Port Connectivity Checks: "MUL16x16:mul0|Kogge32b:ksa32|black_cell:level_0A"
 19. Port Connectivity Checks: "MUL16x16:mul0|Kogge32b:ksa32"
 20. Port Connectivity Checks: "MUL16x16:mul0|CSA_HA:CSAHA"
 21. Port Connectivity Checks: "MUL16x16:mul0|CSA:CSA5"
 22. Port Connectivity Checks: "MUL16x16:mul0|CSA:CSA4"
 23. Port Connectivity Checks: "MUL16x16:mul0|CSA:CSA3"
 24. Port Connectivity Checks: "MUL16x16:mul0|CSA:CSA2"
 25. Port Connectivity Checks: "MUL16x16:mul0|CSA:CSA1"
 26. Port Connectivity Checks: "MUL16x16:mul0|CSA:CSA0"
 27. Port Connectivity Checks: "MUL16x16:mul0|BOOTH:booth8"
 28. Port Connectivity Checks: "MUL16x16:mul0|BOOTH:booth0"
 29. Port Connectivity Checks: "MUL16x16:mul0"
 30. Port Connectivity Checks: "rotator:rotator0"
 31. Port Connectivity Checks: "shifter:shifter0"
 32. Elapsed Time Per Partition
 33. Analysis & Synthesis Messages
 34. Analysis & Synthesis Suppressed Messages



----------------
; Legal Notice ;
----------------
Copyright (C) 1991-2013 Altera Corporation
Your use of Altera Corporation's design tools, logic functions 
and other software and tools, and its AMPP partner logic 
functions, and any output files from any of the foregoing 
(including device programming or simulation files), and any 
associated documentation or information are expressly subject 
to the terms and conditions of the Altera Program License 
Subscription Agreement, Altera MegaCore Function License 
Agreement, or other applicable license agreement, including, 
without limitation, that your use is for the sole purpose of 
programming logic devices manufactured by Altera and sold by 
Altera or its authorized distributors.  Please refer to the 
applicable agreement for further details.



+---------------------------------------------------------------------------------+
; Analysis & Synthesis Summary                                                    ;
+------------------------------------+--------------------------------------------+
; Analysis & Synthesis Status        ; Successful - Sat Dec 05 02:29:17 2020      ;
; Quartus II 64-Bit Version          ; 13.1.0 Build 162 10/23/2013 SJ Web Edition ;
; Revision Name                      ; ALU                                        ;
; Top-level Entity Name              ; alu                                        ;
; Family                             ; Cyclone IV GX                              ;
; Total logic elements               ; 715                                        ;
;     Total combinational functions  ; 715                                        ;
;     Dedicated logic registers      ; 0                                          ;
; Total registers                    ; 0                                          ;
; Total pins                         ; 57                                         ;
; Total virtual pins                 ; 0                                          ;
; Total memory bits                  ; 0                                          ;
; Embedded Multiplier 9-bit elements ; 0                                          ;
; Total GXB Receiver Channel PCS     ; 0                                          ;
; Total GXB Receiver Channel PMA     ; 0                                          ;
; Total GXB Transmitter Channel PCS  ; 0                                          ;
; Total GXB Transmitter Channel PMA  ; 0                                          ;
; Total PLLs                         ; 0                                          ;
+------------------------------------+--------------------------------------------+


+----------------------------------------------------------------------------------------------------------------------+
; Analysis & Synthesis Settings                                                                                        ;
+----------------------------------------------------------------------------+--------------------+--------------------+
; Option                                                                     ; Setting            ; Default Value      ;
+----------------------------------------------------------------------------+--------------------+--------------------+
; Top-level entity name                                                      ; alu                ; ALU                ;
; Family name                                                                ; Cyclone IV GX      ; Cyclone IV GX      ;
; Use smart compilation                                                      ; Off                ; Off                ;
; Enable parallel Assembler and TimeQuest Timing Analyzer during compilation ; On                 ; On                 ;
; Enable compact report table                                                ; Off                ; Off                ;
; Restructure Multiplexers                                                   ; Auto               ; Auto               ;
; Create Debugging Nodes for IP Cores                                        ; Off                ; Off                ;
; Preserve fewer node names                                                  ; On                 ; On                 ;
; Disable OpenCore Plus hardware evaluation                                  ; Off                ; Off                ;
; Verilog Version                                                            ; Verilog_2001       ; Verilog_2001       ;
; VHDL Version                                                               ; VHDL_1993          ; VHDL_1993          ;
; State Machine Processing                                                   ; Auto               ; Auto               ;
; Safe State Machine                                                         ; Off                ; Off                ;
; Extract Verilog State Machines                                             ; On                 ; On                 ;
; Extract VHDL State Machines                                                ; On                 ; On                 ;
; Ignore Verilog initial constructs                                          ; Off                ; Off                ;
; Iteration limit for constant Verilog loops                                 ; 5000               ; 5000               ;
; Iteration limit for non-constant Verilog loops                             ; 250                ; 250                ;
; Add Pass-Through Logic to Inferred RAMs                                    ; On                 ; On                 ;
; Infer RAMs from Raw Logic                                                  ; On                 ; On                 ;
; Parallel Synthesis                                                         ; On                 ; On                 ;
; DSP Block Balancing                                                        ; Auto               ; Auto               ;
; NOT Gate Push-Back                                                         ; On                 ; On                 ;
; Power-Up Don't Care                                                        ; On                 ; On                 ;
; Remove Redundant Logic Cells                                               ; Off                ; Off                ;
; Remove Duplicate Registers                                                 ; On                 ; On                 ;
; Ignore CARRY Buffers                                                       ; Off                ; Off                ;
; Ignore CASCADE Buffers                                                     ; Off                ; Off                ;
; Ignore GLOBAL Buffers                                                      ; Off                ; Off                ;
; Ignore ROW GLOBAL Buffers                                                  ; Off                ; Off                ;
; Ignore LCELL Buffers                                                       ; Off                ; Off                ;
; Ignore SOFT Buffers                                                        ; On                 ; On                 ;
; Limit AHDL Integers to 32 Bits                                             ; Off                ; Off                ;
; Optimization Technique                                                     ; Balanced           ; Balanced           ;
; Carry Chain Length                                                         ; 70                 ; 70                 ;
; Auto Carry Chains                                                          ; On                 ; On                 ;
; Auto Open-Drain Pins                                                       ; On                 ; On                 ;
; Perform WYSIWYG Primitive Resynthesis                                      ; Off                ; Off                ;
; Auto ROM Replacement                                                       ; On                 ; On                 ;
; Auto RAM Replacement                                                       ; On                 ; On                 ;
; Auto DSP Block Replacement                                                 ; On                 ; On                 ;
; Auto Shift Register Replacement                                            ; Auto               ; Auto               ;
; Allow Shift Register Merging across Hierarchies                            ; Auto               ; Auto               ;
; Auto Clock Enable Replacement                                              ; On                 ; On                 ;
; Strict RAM Replacement                                                     ; Off                ; Off                ;
; Allow Synchronous Control Signals                                          ; On                 ; On                 ;
; Force Use of Synchronous Clear Signals                                     ; Off                ; Off                ;
; Auto RAM Block Balancing                                                   ; On                 ; On                 ;
; Auto RAM to Logic Cell Conversion                                          ; Off                ; Off                ;
; Auto Resource Sharing                                                      ; Off                ; Off                ;
; Allow Any RAM Size For Recognition                                         ; Off                ; Off                ;
; Allow Any ROM Size For Recognition                                         ; Off                ; Off                ;
; Allow Any Shift Register Size For Recognition                              ; Off                ; Off                ;
; Use LogicLock Constraints during Resource Balancing                        ; On                 ; On                 ;
; Ignore translate_off and synthesis_off directives                          ; Off                ; Off                ;
; Timing-Driven Synthesis                                                    ; On                 ; On                 ;
; Report Parameter Settings                                                  ; On                 ; On                 ;
; Report Source Assignments                                                  ; On                 ; On                 ;
; Report Connectivity Checks                                                 ; On                 ; On                 ;
; Ignore Maximum Fan-Out Assignments                                         ; Off                ; Off                ;
; Synchronization Register Chain Length                                      ; 2                  ; 2                  ;
; PowerPlay Power Optimization                                               ; Normal compilation ; Normal compilation ;
; HDL message level                                                          ; Level2             ; Level2             ;
; Suppress Register Optimization Related Messages                            ; Off                ; Off                ;
; Number of Removed Registers Reported in Synthesis Report                   ; 5000               ; 5000               ;
; Number of Swept Nodes Reported in Synthesis Report                         ; 5000               ; 5000               ;
; Number of Inverted Registers Reported in Synthesis Report                  ; 100                ; 100                ;
; Clock MUX Protection                                                       ; On                 ; On                 ;
; Auto Gated Clock Conversion                                                ; Off                ; Off                ;
; Block Design Naming                                                        ; Auto               ; Auto               ;
; SDC constraint protection                                                  ; Off                ; Off                ;
; Synthesis Effort                                                           ; Auto               ; Auto               ;
; Shift Register Replacement - Allow Asynchronous Clear Signal               ; On                 ; On                 ;
; Pre-Mapping Resynthesis Optimization                                       ; Off                ; Off                ;
; Analysis & Synthesis Message Level                                         ; Medium             ; Medium             ;
; Disable Register Merging Across Hierarchies                                ; Auto               ; Auto               ;
; Resource Aware Inference For Block RAM                                     ; On                 ; On                 ;
; Synthesis Seed                                                             ; 1                  ; 1                  ;
+----------------------------------------------------------------------------+--------------------+--------------------+


Parallel compilation was disabled, but you have multiple processors available. Enable parallel compilation to reduce compilation time.
+-------------------------------------+
; Parallel Compilation                ;
+----------------------------+--------+
; Processors                 ; Number ;
+----------------------------+--------+
; Number detected on machine ; 12     ;
; Maximum allowed            ; 1      ;
+----------------------------+--------+


+-----------------------------------------------------------------------------------------------------------------------------------------------------+
; Analysis & Synthesis Source Files Read                                                                                                              ;
+----------------------------------+-----------------+------------------------+-------------------------------------------------------------+---------+
; File Name with User-Entered Path ; Used in Netlist ; File Type              ; File Name with Absolute Path                                ; Library ;
+----------------------------------+-----------------+------------------------+-------------------------------------------------------------+---------+
; shifter.v                        ; yes             ; User Verilog HDL File  ; D:/Project/2020-2/DigitalSystem/Quartus/Lab08/shifter.v     ;         ;
; rotator.v                        ; yes             ; User Verilog HDL File  ; D:/Project/2020-2/DigitalSystem/Quartus/Lab08/rotator.v     ;         ;
; MUL16x16.v                       ; yes             ; User Verilog HDL File  ; D:/Project/2020-2/DigitalSystem/Quartus/Lab08/MUL16x16.v    ;         ;
; Kogge32b.v                       ; yes             ; User Verilog HDL File  ; D:/Project/2020-2/DigitalSystem/Quartus/Lab08/Kogge32b.v    ;         ;
; kogge_stone.v                    ; yes             ; User Verilog HDL File  ; D:/Project/2020-2/DigitalSystem/Quartus/Lab08/kogge_stone.v ;         ;
; alu.v                            ; yes             ; User Verilog HDL File  ; D:/Project/2020-2/DigitalSystem/Quartus/Lab08/alu.v         ;         ;
+----------------------------------+-----------------+------------------------+-------------------------------------------------------------+---------+


+---------------------------------------------+
; Analysis & Synthesis Resource Usage Summary ;
+--------------------------+------------------+
; Resource                 ; Usage            ;
+--------------------------+------------------+
; I/O pins                 ; 57               ;
; DSP block 9-bit elements ; 0                ;
; Maximum fan-out node     ; valB[1]~input    ;
; Maximum fan-out          ; 96               ;
; Total fan-out            ; 2696             ;
; Average fan-out          ; 3.25             ;
+--------------------------+------------------+


+---------------------------------------------------------------------------------------------------------------------------------------------------------------------------------------------------------------------------------+
; Analysis & Synthesis Resource Utilization by Entity                                                                                                                                                                             ;
+---------------------------------+-------------------+--------------+-------------+--------------+---------+-----------+-----------+------+--------------+--------------------------------------------------------+--------------+
; Compilation Hierarchy Node      ; LC Combinationals ; LC Registers ; Memory Bits ; DSP Elements ; DSP 9x9 ; DSP 18x18 ; DSP 36x36 ; Pins ; Virtual Pins ; Full Hierarchy Name                                    ; Library Name ;
+---------------------------------+-------------------+--------------+-------------+--------------+---------+-----------+-----------+------+--------------+--------------------------------------------------------+--------------+
; |alu                            ; 715 (172)         ; 0 (0)        ; 0           ; 0            ; 0       ; 0         ; 0         ; 57   ; 0            ; |alu                                                   ; work         ;
;    |MUL16x16:mul0|              ; 314 (0)           ; 0 (0)        ; 0           ; 0            ; 0       ; 0         ; 0         ; 0    ; 0            ; |alu|MUL16x16:mul0                                     ; work         ;
;       |CSA:CSA0|                ; 26 (0)            ; 0 (0)        ; 0           ; 0            ; 0       ; 0         ; 0         ; 0    ; 0            ; |alu|MUL16x16:mul0|CSA:CSA0                            ; work         ;
;          |FA:fadd0|             ; 1 (1)             ; 0 (0)        ; 0           ; 0            ; 0       ; 0         ; 0         ; 0    ; 0            ; |alu|MUL16x16:mul0|CSA:CSA0|FA:fadd0                   ; work         ;
;          |FA:fadd10|            ; 2 (2)             ; 0 (0)        ; 0           ; 0            ; 0       ; 0         ; 0         ; 0    ; 0            ; |alu|MUL16x16:mul0|CSA:CSA0|FA:fadd10                  ; work         ;
;          |FA:fadd11|            ; 2 (2)             ; 0 (0)        ; 0           ; 0            ; 0       ; 0         ; 0         ; 0    ; 0            ; |alu|MUL16x16:mul0|CSA:CSA0|FA:fadd11                  ; work         ;
;          |FA:fadd12|            ; 2 (2)             ; 0 (0)        ; 0           ; 0            ; 0       ; 0         ; 0         ; 0    ; 0            ; |alu|MUL16x16:mul0|CSA:CSA0|FA:fadd12                  ; work         ;
;          |FA:fadd13|            ; 1 (1)             ; 0 (0)        ; 0           ; 0            ; 0       ; 0         ; 0         ; 0    ; 0            ; |alu|MUL16x16:mul0|CSA:CSA0|FA:fadd13                  ; work         ;
;          |FA:fadd1|             ; 2 (2)             ; 0 (0)        ; 0           ; 0            ; 0       ; 0         ; 0         ; 0    ; 0            ; |alu|MUL16x16:mul0|CSA:CSA0|FA:fadd1                   ; work         ;
;          |FA:fadd2|             ; 2 (2)             ; 0 (0)        ; 0           ; 0            ; 0       ; 0         ; 0         ; 0    ; 0            ; |alu|MUL16x16:mul0|CSA:CSA0|FA:fadd2                   ; work         ;
;          |FA:fadd3|             ; 2 (2)             ; 0 (0)        ; 0           ; 0            ; 0       ; 0         ; 0         ; 0    ; 0            ; |alu|MUL16x16:mul0|CSA:CSA0|FA:fadd3                   ; work         ;
;          |FA:fadd4|             ; 2 (2)             ; 0 (0)        ; 0           ; 0            ; 0       ; 0         ; 0         ; 0    ; 0            ; |alu|MUL16x16:mul0|CSA:CSA0|FA:fadd4                   ; work         ;
;          |FA:fadd5|             ; 2 (2)             ; 0 (0)        ; 0           ; 0            ; 0       ; 0         ; 0         ; 0    ; 0            ; |alu|MUL16x16:mul0|CSA:CSA0|FA:fadd5                   ; work         ;
;          |FA:fadd6|             ; 2 (2)             ; 0 (0)        ; 0           ; 0            ; 0       ; 0         ; 0         ; 0    ; 0            ; |alu|MUL16x16:mul0|CSA:CSA0|FA:fadd6                   ; work         ;
;          |FA:fadd7|             ; 2 (2)             ; 0 (0)        ; 0           ; 0            ; 0       ; 0         ; 0         ; 0    ; 0            ; |alu|MUL16x16:mul0|CSA:CSA0|FA:fadd7                   ; work         ;
;          |FA:fadd8|             ; 2 (2)             ; 0 (0)        ; 0           ; 0            ; 0       ; 0         ; 0         ; 0    ; 0            ; |alu|MUL16x16:mul0|CSA:CSA0|FA:fadd8                   ; work         ;
;          |FA:fadd9|             ; 2 (2)             ; 0 (0)        ; 0           ; 0            ; 0       ; 0         ; 0         ; 0    ; 0            ; |alu|MUL16x16:mul0|CSA:CSA0|FA:fadd9                   ; work         ;
;       |CSA:CSA1|                ; 24 (0)            ; 0 (0)        ; 0           ; 0            ; 0       ; 0         ; 0         ; 0    ; 0            ; |alu|MUL16x16:mul0|CSA:CSA1                            ; work         ;
;          |FA:fadd0|             ; 2 (2)             ; 0 (0)        ; 0           ; 0            ; 0       ; 0         ; 0         ; 0    ; 0            ; |alu|MUL16x16:mul0|CSA:CSA1|FA:fadd0                   ; work         ;
;          |FA:fadd10|            ; 2 (2)             ; 0 (0)        ; 0           ; 0            ; 0       ; 0         ; 0         ; 0    ; 0            ; |alu|MUL16x16:mul0|CSA:CSA1|FA:fadd10                  ; work         ;
;          |FA:fadd11|            ; 2 (2)             ; 0 (0)        ; 0           ; 0            ; 0       ; 0         ; 0         ; 0    ; 0            ; |alu|MUL16x16:mul0|CSA:CSA1|FA:fadd11                  ; work         ;
;          |FA:fadd1|             ; 2 (2)             ; 0 (0)        ; 0           ; 0            ; 0       ; 0         ; 0         ; 0    ; 0            ; |alu|MUL16x16:mul0|CSA:CSA1|FA:fadd1                   ; work         ;
;          |FA:fadd2|             ; 2 (2)             ; 0 (0)        ; 0           ; 0            ; 0       ; 0         ; 0         ; 0    ; 0            ; |alu|MUL16x16:mul0|CSA:CSA1|FA:fadd2                   ; work         ;
;          |FA:fadd3|             ; 2 (2)             ; 0 (0)        ; 0           ; 0            ; 0       ; 0         ; 0         ; 0    ; 0            ; |alu|MUL16x16:mul0|CSA:CSA1|FA:fadd3                   ; work         ;
;          |FA:fadd4|             ; 2 (2)             ; 0 (0)        ; 0           ; 0            ; 0       ; 0         ; 0         ; 0    ; 0            ; |alu|MUL16x16:mul0|CSA:CSA1|FA:fadd4                   ; work         ;
;          |FA:fadd5|             ; 2 (2)             ; 0 (0)        ; 0           ; 0            ; 0       ; 0         ; 0         ; 0    ; 0            ; |alu|MUL16x16:mul0|CSA:CSA1|FA:fadd5                   ; work         ;
;          |FA:fadd6|             ; 2 (2)             ; 0 (0)        ; 0           ; 0            ; 0       ; 0         ; 0         ; 0    ; 0            ; |alu|MUL16x16:mul0|CSA:CSA1|FA:fadd6                   ; work         ;
;          |FA:fadd7|             ; 2 (2)             ; 0 (0)        ; 0           ; 0            ; 0       ; 0         ; 0         ; 0    ; 0            ; |alu|MUL16x16:mul0|CSA:CSA1|FA:fadd7                   ; work         ;
;          |FA:fadd8|             ; 2 (2)             ; 0 (0)        ; 0           ; 0            ; 0       ; 0         ; 0         ; 0    ; 0            ; |alu|MUL16x16:mul0|CSA:CSA1|FA:fadd8                   ; work         ;
;          |FA:fadd9|             ; 2 (2)             ; 0 (0)        ; 0           ; 0            ; 0       ; 0         ; 0         ; 0    ; 0            ; |alu|MUL16x16:mul0|CSA:CSA1|FA:fadd9                   ; work         ;
;       |CSA:CSA2|                ; 19 (0)            ; 0 (0)        ; 0           ; 0            ; 0       ; 0         ; 0         ; 0    ; 0            ; |alu|MUL16x16:mul0|CSA:CSA2                            ; work         ;
;          |FA:fadd0|             ; 2 (2)             ; 0 (0)        ; 0           ; 0            ; 0       ; 0         ; 0         ; 0    ; 0            ; |alu|MUL16x16:mul0|CSA:CSA2|FA:fadd0                   ; work         ;
;          |FA:fadd1|             ; 2 (2)             ; 0 (0)        ; 0           ; 0            ; 0       ; 0         ; 0         ; 0    ; 0            ; |alu|MUL16x16:mul0|CSA:CSA2|FA:fadd1                   ; work         ;
;          |FA:fadd2|             ; 2 (2)             ; 0 (0)        ; 0           ; 0            ; 0       ; 0         ; 0         ; 0    ; 0            ; |alu|MUL16x16:mul0|CSA:CSA2|FA:fadd2                   ; work         ;
;          |FA:fadd3|             ; 2 (2)             ; 0 (0)        ; 0           ; 0            ; 0       ; 0         ; 0         ; 0    ; 0            ; |alu|MUL16x16:mul0|CSA:CSA2|FA:fadd3                   ; work         ;
;          |FA:fadd4|             ; 2 (2)             ; 0 (0)        ; 0           ; 0            ; 0       ; 0         ; 0         ; 0    ; 0            ; |alu|MUL16x16:mul0|CSA:CSA2|FA:fadd4                   ; work         ;
;          |FA:fadd5|             ; 2 (2)             ; 0 (0)        ; 0           ; 0            ; 0       ; 0         ; 0         ; 0    ; 0            ; |alu|MUL16x16:mul0|CSA:CSA2|FA:fadd5                   ; work         ;
;          |FA:fadd6|             ; 2 (2)             ; 0 (0)        ; 0           ; 0            ; 0       ; 0         ; 0         ; 0    ; 0            ; |alu|MUL16x16:mul0|CSA:CSA2|FA:fadd6                   ; work         ;
;          |FA:fadd7|             ; 2 (2)             ; 0 (0)        ; 0           ; 0            ; 0       ; 0         ; 0         ; 0    ; 0            ; |alu|MUL16x16:mul0|CSA:CSA2|FA:fadd7                   ; work         ;
;          |FA:fadd8|             ; 2 (2)             ; 0 (0)        ; 0           ; 0            ; 0       ; 0         ; 0         ; 0    ; 0            ; |alu|MUL16x16:mul0|CSA:CSA2|FA:fadd8                   ; work         ;
;          |FA:fadd9|             ; 1 (1)             ; 0 (0)        ; 0           ; 0            ; 0       ; 0         ; 0         ; 0    ; 0            ; |alu|MUL16x16:mul0|CSA:CSA2|FA:fadd9                   ; work         ;
;       |CSA:CSA3|                ; 15 (0)            ; 0 (0)        ; 0           ; 0            ; 0       ; 0         ; 0         ; 0    ; 0            ; |alu|MUL16x16:mul0|CSA:CSA3                            ; work         ;
;          |FA:fadd0|             ; 2 (2)             ; 0 (0)        ; 0           ; 0            ; 0       ; 0         ; 0         ; 0    ; 0            ; |alu|MUL16x16:mul0|CSA:CSA3|FA:fadd0                   ; work         ;
;          |FA:fadd1|             ; 2 (2)             ; 0 (0)        ; 0           ; 0            ; 0       ; 0         ; 0         ; 0    ; 0            ; |alu|MUL16x16:mul0|CSA:CSA3|FA:fadd1                   ; work         ;
;          |FA:fadd2|             ; 2 (2)             ; 0 (0)        ; 0           ; 0            ; 0       ; 0         ; 0         ; 0    ; 0            ; |alu|MUL16x16:mul0|CSA:CSA3|FA:fadd2                   ; work         ;
;          |FA:fadd3|             ; 2 (2)             ; 0 (0)        ; 0           ; 0            ; 0       ; 0         ; 0         ; 0    ; 0            ; |alu|MUL16x16:mul0|CSA:CSA3|FA:fadd3                   ; work         ;
;          |FA:fadd4|             ; 2 (2)             ; 0 (0)        ; 0           ; 0            ; 0       ; 0         ; 0         ; 0    ; 0            ; |alu|MUL16x16:mul0|CSA:CSA3|FA:fadd4                   ; work         ;
;          |FA:fadd5|             ; 2 (2)             ; 0 (0)        ; 0           ; 0            ; 0       ; 0         ; 0         ; 0    ; 0            ; |alu|MUL16x16:mul0|CSA:CSA3|FA:fadd5                   ; work         ;
;          |FA:fadd6|             ; 2 (2)             ; 0 (0)        ; 0           ; 0            ; 0       ; 0         ; 0         ; 0    ; 0            ; |alu|MUL16x16:mul0|CSA:CSA3|FA:fadd6                   ; work         ;
;          |FA:fadd7|             ; 1 (1)             ; 0 (0)        ; 0           ; 0            ; 0       ; 0         ; 0         ; 0    ; 0            ; |alu|MUL16x16:mul0|CSA:CSA3|FA:fadd7                   ; work         ;
;       |CSA:CSA4|                ; 11 (0)            ; 0 (0)        ; 0           ; 0            ; 0       ; 0         ; 0         ; 0    ; 0            ; |alu|MUL16x16:mul0|CSA:CSA4                            ; work         ;
;          |FA:fadd0|             ; 2 (2)             ; 0 (0)        ; 0           ; 0            ; 0       ; 0         ; 0         ; 0    ; 0            ; |alu|MUL16x16:mul0|CSA:CSA4|FA:fadd0                   ; work         ;
;          |FA:fadd1|             ; 2 (2)             ; 0 (0)        ; 0           ; 0            ; 0       ; 0         ; 0         ; 0    ; 0            ; |alu|MUL16x16:mul0|CSA:CSA4|FA:fadd1                   ; work         ;
;          |FA:fadd2|             ; 2 (2)             ; 0 (0)        ; 0           ; 0            ; 0       ; 0         ; 0         ; 0    ; 0            ; |alu|MUL16x16:mul0|CSA:CSA4|FA:fadd2                   ; work         ;
;          |FA:fadd3|             ; 2 (2)             ; 0 (0)        ; 0           ; 0            ; 0       ; 0         ; 0         ; 0    ; 0            ; |alu|MUL16x16:mul0|CSA:CSA4|FA:fadd3                   ; work         ;
;          |FA:fadd4|             ; 2 (2)             ; 0 (0)        ; 0           ; 0            ; 0       ; 0         ; 0         ; 0    ; 0            ; |alu|MUL16x16:mul0|CSA:CSA4|FA:fadd4                   ; work         ;
;          |FA:fadd5|             ; 1 (1)             ; 0 (0)        ; 0           ; 0            ; 0       ; 0         ; 0         ; 0    ; 0            ; |alu|MUL16x16:mul0|CSA:CSA4|FA:fadd5                   ; work         ;
;       |CSA:CSA5|                ; 7 (0)             ; 0 (0)        ; 0           ; 0            ; 0       ; 0         ; 0         ; 0    ; 0            ; |alu|MUL16x16:mul0|CSA:CSA5                            ; work         ;
;          |FA:fadd0|             ; 2 (2)             ; 0 (0)        ; 0           ; 0            ; 0       ; 0         ; 0         ; 0    ; 0            ; |alu|MUL16x16:mul0|CSA:CSA5|FA:fadd0                   ; work         ;
;          |FA:fadd1|             ; 2 (2)             ; 0 (0)        ; 0           ; 0            ; 0       ; 0         ; 0         ; 0    ; 0            ; |alu|MUL16x16:mul0|CSA:CSA5|FA:fadd1                   ; work         ;
;          |FA:fadd2|             ; 2 (2)             ; 0 (0)        ; 0           ; 0            ; 0       ; 0         ; 0         ; 0    ; 0            ; |alu|MUL16x16:mul0|CSA:CSA5|FA:fadd2                   ; work         ;
;          |FA:fadd3|             ; 1 (1)             ; 0 (0)        ; 0           ; 0            ; 0       ; 0         ; 0         ; 0    ; 0            ; |alu|MUL16x16:mul0|CSA:CSA5|FA:fadd3                   ; work         ;
;       |CSA_HA:CSAHA|            ; 2 (0)             ; 0 (0)        ; 0           ; 0            ; 0       ; 0         ; 0         ; 0    ; 0            ; |alu|MUL16x16:mul0|CSA_HA:CSAHA                        ; work         ;
;          |HA:hadd0|             ; 1 (1)             ; 0 (0)        ; 0           ; 0            ; 0       ; 0         ; 0         ; 0    ; 0            ; |alu|MUL16x16:mul0|CSA_HA:CSAHA|HA:hadd0               ; work         ;
;          |HA:hadd1|             ; 1 (1)             ; 0 (0)        ; 0           ; 0            ; 0       ; 0         ; 0         ; 0    ; 0            ; |alu|MUL16x16:mul0|CSA_HA:CSAHA|HA:hadd1               ; work         ;
;       |Kogge32b:ksa32|          ; 70 (20)           ; 0 (0)        ; 0           ; 0            ; 0       ; 0         ; 0         ; 0    ; 0            ; |alu|MUL16x16:mul0|Kogge32b:ksa32                      ; work         ;
;          |black_cell:level_10A| ; 1 (1)             ; 0 (0)        ; 0           ; 0            ; 0       ; 0         ; 0         ; 0    ; 0            ; |alu|MUL16x16:mul0|Kogge32b:ksa32|black_cell:level_10A ; work         ;
;          |black_cell:level_10B| ; 1 (1)             ; 0 (0)        ; 0           ; 0            ; 0       ; 0         ; 0         ; 0    ; 0            ; |alu|MUL16x16:mul0|Kogge32b:ksa32|black_cell:level_10B ; work         ;
;          |black_cell:level_10D| ; 3 (3)             ; 0 (0)        ; 0           ; 0            ; 0       ; 0         ; 0         ; 0    ; 0            ; |alu|MUL16x16:mul0|Kogge32b:ksa32|black_cell:level_10D ; work         ;
;          |black_cell:level_11A| ; 1 (1)             ; 0 (0)        ; 0           ; 0            ; 0       ; 0         ; 0         ; 0    ; 0            ; |alu|MUL16x16:mul0|Kogge32b:ksa32|black_cell:level_11A ; work         ;
;          |black_cell:level_11B| ; 1 (1)             ; 0 (0)        ; 0           ; 0            ; 0       ; 0         ; 0         ; 0    ; 0            ; |alu|MUL16x16:mul0|Kogge32b:ksa32|black_cell:level_11B ; work         ;
;          |black_cell:level_11D| ; 2 (2)             ; 0 (0)        ; 0           ; 0            ; 0       ; 0         ; 0         ; 0    ; 0            ; |alu|MUL16x16:mul0|Kogge32b:ksa32|black_cell:level_11D ; work         ;
;          |black_cell:level_12A| ; 1 (1)             ; 0 (0)        ; 0           ; 0            ; 0       ; 0         ; 0         ; 0    ; 0            ; |alu|MUL16x16:mul0|Kogge32b:ksa32|black_cell:level_12A ; work         ;
;          |black_cell:level_12D| ; 2 (2)             ; 0 (0)        ; 0           ; 0            ; 0       ; 0         ; 0         ; 0    ; 0            ; |alu|MUL16x16:mul0|Kogge32b:ksa32|black_cell:level_12D ; work         ;
;          |black_cell:level_13A| ; 1 (1)             ; 0 (0)        ; 0           ; 0            ; 0       ; 0         ; 0         ; 0    ; 0            ; |alu|MUL16x16:mul0|Kogge32b:ksa32|black_cell:level_13A ; work         ;
;          |black_cell:level_13D| ; 4 (4)             ; 0 (0)        ; 0           ; 0            ; 0       ; 0         ; 0         ; 0    ; 0            ; |alu|MUL16x16:mul0|Kogge32b:ksa32|black_cell:level_13D ; work         ;
;          |black_cell:level_14A| ; 1 (1)             ; 0 (0)        ; 0           ; 0            ; 0       ; 0         ; 0         ; 0    ; 0            ; |alu|MUL16x16:mul0|Kogge32b:ksa32|black_cell:level_14A ; work         ;
;          |black_cell:level_14D| ; 3 (3)             ; 0 (0)        ; 0           ; 0            ; 0       ; 0         ; 0         ; 0    ; 0            ; |alu|MUL16x16:mul0|Kogge32b:ksa32|black_cell:level_14D ; work         ;
;          |black_cell:level_15A| ; 1 (1)             ; 0 (0)        ; 0           ; 0            ; 0       ; 0         ; 0         ; 0    ; 0            ; |alu|MUL16x16:mul0|Kogge32b:ksa32|black_cell:level_15A ; work         ;
;          |black_cell:level_15D| ; 4 (4)             ; 0 (0)        ; 0           ; 0            ; 0       ; 0         ; 0         ; 0    ; 0            ; |alu|MUL16x16:mul0|Kogge32b:ksa32|black_cell:level_15D ; work         ;
;          |black_cell:level_1A|  ; 1 (1)             ; 0 (0)        ; 0           ; 0            ; 0       ; 0         ; 0         ; 0    ; 0            ; |alu|MUL16x16:mul0|Kogge32b:ksa32|black_cell:level_1A  ; work         ;
;          |black_cell:level_2B|  ; 1 (1)             ; 0 (0)        ; 0           ; 0            ; 0       ; 0         ; 0         ; 0    ; 0            ; |alu|MUL16x16:mul0|Kogge32b:ksa32|black_cell:level_2B  ; work         ;
;          |black_cell:level_3A|  ; 1 (1)             ; 0 (0)        ; 0           ; 0            ; 0       ; 0         ; 0         ; 0    ; 0            ; |alu|MUL16x16:mul0|Kogge32b:ksa32|black_cell:level_3A  ; work         ;
;          |black_cell:level_4A|  ; 1 (1)             ; 0 (0)        ; 0           ; 0            ; 0       ; 0         ; 0         ; 0    ; 0            ; |alu|MUL16x16:mul0|Kogge32b:ksa32|black_cell:level_4A  ; work         ;
;          |black_cell:level_4C|  ; 2 (2)             ; 0 (0)        ; 0           ; 0            ; 0       ; 0         ; 0         ; 0    ; 0            ; |alu|MUL16x16:mul0|Kogge32b:ksa32|black_cell:level_4C  ; work         ;
;          |black_cell:level_5A|  ; 1 (1)             ; 0 (0)        ; 0           ; 0            ; 0       ; 0         ; 0         ; 0    ; 0            ; |alu|MUL16x16:mul0|Kogge32b:ksa32|black_cell:level_5A  ; work         ;
;          |black_cell:level_5C|  ; 1 (1)             ; 0 (0)        ; 0           ; 0            ; 0       ; 0         ; 0         ; 0    ; 0            ; |alu|MUL16x16:mul0|Kogge32b:ksa32|black_cell:level_5C  ; work         ;
;          |black_cell:level_6A|  ; 1 (1)             ; 0 (0)        ; 0           ; 0            ; 0       ; 0         ; 0         ; 0    ; 0            ; |alu|MUL16x16:mul0|Kogge32b:ksa32|black_cell:level_6A  ; work         ;
;          |black_cell:level_7A|  ; 1 (1)             ; 0 (0)        ; 0           ; 0            ; 0       ; 0         ; 0         ; 0    ; 0            ; |alu|MUL16x16:mul0|Kogge32b:ksa32|black_cell:level_7A  ; work         ;
;          |black_cell:level_7C|  ; 1 (1)             ; 0 (0)        ; 0           ; 0            ; 0       ; 0         ; 0         ; 0    ; 0            ; |alu|MUL16x16:mul0|Kogge32b:ksa32|black_cell:level_7C  ; work         ;
;          |black_cell:level_8A|  ; 1 (1)             ; 0 (0)        ; 0           ; 0            ; 0       ; 0         ; 0         ; 0    ; 0            ; |alu|MUL16x16:mul0|Kogge32b:ksa32|black_cell:level_8A  ; work         ;
;          |black_cell:level_8B|  ; 1 (1)             ; 0 (0)        ; 0           ; 0            ; 0       ; 0         ; 0         ; 0    ; 0            ; |alu|MUL16x16:mul0|Kogge32b:ksa32|black_cell:level_8B  ; work         ;
;          |black_cell:level_9A|  ; 1 (1)             ; 0 (0)        ; 0           ; 0            ; 0       ; 0         ; 0         ; 0    ; 0            ; |alu|MUL16x16:mul0|Kogge32b:ksa32|black_cell:level_9A  ; work         ;
;          |input_cell:level_Z10| ; 1 (1)             ; 0 (0)        ; 0           ; 0            ; 0       ; 0         ; 0         ; 0    ; 0            ; |alu|MUL16x16:mul0|Kogge32b:ksa32|input_cell:level_Z10 ; work         ;
;          |input_cell:level_Z11| ; 1 (1)             ; 0 (0)        ; 0           ; 0            ; 0       ; 0         ; 0         ; 0    ; 0            ; |alu|MUL16x16:mul0|Kogge32b:ksa32|input_cell:level_Z11 ; work         ;
;          |input_cell:level_Z12| ; 1 (1)             ; 0 (0)        ; 0           ; 0            ; 0       ; 0         ; 0         ; 0    ; 0            ; |alu|MUL16x16:mul0|Kogge32b:ksa32|input_cell:level_Z12 ; work         ;
;          |input_cell:level_Z13| ; 1 (1)             ; 0 (0)        ; 0           ; 0            ; 0       ; 0         ; 0         ; 0    ; 0            ; |alu|MUL16x16:mul0|Kogge32b:ksa32|input_cell:level_Z13 ; work         ;
;          |input_cell:level_Z14| ; 1 (1)             ; 0 (0)        ; 0           ; 0            ; 0       ; 0         ; 0         ; 0    ; 0            ; |alu|MUL16x16:mul0|Kogge32b:ksa32|input_cell:level_Z14 ; work         ;
;          |input_cell:level_Z15| ; 1 (1)             ; 0 (0)        ; 0           ; 0            ; 0       ; 0         ; 0         ; 0    ; 0            ; |alu|MUL16x16:mul0|Kogge32b:ksa32|input_cell:level_Z15 ; work         ;
;          |input_cell:level_Z4|  ; 1 (1)             ; 0 (0)        ; 0           ; 0            ; 0       ; 0         ; 0         ; 0    ; 0            ; |alu|MUL16x16:mul0|Kogge32b:ksa32|input_cell:level_Z4  ; work         ;
;          |input_cell:level_Z5|  ; 1 (1)             ; 0 (0)        ; 0           ; 0            ; 0       ; 0         ; 0         ; 0    ; 0            ; |alu|MUL16x16:mul0|Kogge32b:ksa32|input_cell:level_Z5  ; work         ;
;          |input_cell:level_Z8|  ; 1 (1)             ; 0 (0)        ; 0           ; 0            ; 0       ; 0         ; 0         ; 0    ; 0            ; |alu|MUL16x16:mul0|Kogge32b:ksa32|input_cell:level_Z8  ; work         ;
;          |input_cell:level_Z9|  ; 1 (1)             ; 0 (0)        ; 0           ; 0            ; 0       ; 0         ; 0         ; 0    ; 0            ; |alu|MUL16x16:mul0|Kogge32b:ksa32|input_cell:level_Z9  ; work         ;
;       |PPGen:ppgen0|            ; 14 (14)           ; 0 (0)        ; 0           ; 0            ; 0       ; 0         ; 0         ; 0    ; 0            ; |alu|MUL16x16:mul0|PPGen:ppgen0                        ; work         ;
;       |PPGen:ppgen1|            ; 30 (30)           ; 0 (0)        ; 0           ; 0            ; 0       ; 0         ; 0         ; 0    ; 0            ; |alu|MUL16x16:mul0|PPGen:ppgen1                        ; work         ;
;       |PPGen:ppgen2|            ; 26 (26)           ; 0 (0)        ; 0           ; 0            ; 0       ; 0         ; 0         ; 0    ; 0            ; |alu|MUL16x16:mul0|PPGen:ppgen2                        ; work         ;
;       |PPGen:ppgen3|            ; 22 (22)           ; 0 (0)        ; 0           ; 0            ; 0       ; 0         ; 0         ; 0    ; 0            ; |alu|MUL16x16:mul0|PPGen:ppgen3                        ; work         ;
;       |PPGen:ppgen4|            ; 18 (18)           ; 0 (0)        ; 0           ; 0            ; 0       ; 0         ; 0         ; 0    ; 0            ; |alu|MUL16x16:mul0|PPGen:ppgen4                        ; work         ;
;       |PPGen:ppgen5|            ; 14 (14)           ; 0 (0)        ; 0           ; 0            ; 0       ; 0         ; 0         ; 0    ; 0            ; |alu|MUL16x16:mul0|PPGen:ppgen5                        ; work         ;
;       |PPGen:ppgen6|            ; 10 (10)           ; 0 (0)        ; 0           ; 0            ; 0       ; 0         ; 0         ; 0    ; 0            ; |alu|MUL16x16:mul0|PPGen:ppgen6                        ; work         ;
;       |PPGen:ppgen7|            ; 6 (6)             ; 0 (0)        ; 0           ; 0            ; 0       ; 0         ; 0         ; 0    ; 0            ; |alu|MUL16x16:mul0|PPGen:ppgen7                        ; work         ;
;    |kogge_stone:myAdder|        ; 80 (7)            ; 0 (0)        ; 0           ; 0            ; 0       ; 0         ; 0         ; 0    ; 0            ; |alu|kogge_stone:myAdder                               ; work         ;
;       |black_cell:level_0A|     ; 1 (1)             ; 0 (0)        ; 0           ; 0            ; 0       ; 0         ; 0         ; 0    ; 0            ; |alu|kogge_stone:myAdder|black_cell:level_0A           ; work         ;
;       |black_cell:level_10A|    ; 1 (1)             ; 0 (0)        ; 0           ; 0            ; 0       ; 0         ; 0         ; 0    ; 0            ; |alu|kogge_stone:myAdder|black_cell:level_10A          ; work         ;
;       |black_cell:level_10D|    ; 3 (3)             ; 0 (0)        ; 0           ; 0            ; 0       ; 0         ; 0         ; 0    ; 0            ; |alu|kogge_stone:myAdder|black_cell:level_10D          ; work         ;
;       |black_cell:level_11A|    ; 1 (1)             ; 0 (0)        ; 0           ; 0            ; 0       ; 0         ; 0         ; 0    ; 0            ; |alu|kogge_stone:myAdder|black_cell:level_11A          ; work         ;
;       |black_cell:level_11B|    ; 1 (1)             ; 0 (0)        ; 0           ; 0            ; 0       ; 0         ; 0         ; 0    ; 0            ; |alu|kogge_stone:myAdder|black_cell:level_11B          ; work         ;
;       |black_cell:level_11D|    ; 3 (3)             ; 0 (0)        ; 0           ; 0            ; 0       ; 0         ; 0         ; 0    ; 0            ; |alu|kogge_stone:myAdder|black_cell:level_11D          ; work         ;
;       |black_cell:level_12A|    ; 1 (1)             ; 0 (0)        ; 0           ; 0            ; 0       ; 0         ; 0         ; 0    ; 0            ; |alu|kogge_stone:myAdder|black_cell:level_12A          ; work         ;
;       |black_cell:level_12D|    ; 3 (3)             ; 0 (0)        ; 0           ; 0            ; 0       ; 0         ; 0         ; 0    ; 0            ; |alu|kogge_stone:myAdder|black_cell:level_12D          ; work         ;
;       |black_cell:level_13A|    ; 1 (1)             ; 0 (0)        ; 0           ; 0            ; 0       ; 0         ; 0         ; 0    ; 0            ; |alu|kogge_stone:myAdder|black_cell:level_13A          ; work         ;
;       |black_cell:level_13D|    ; 2 (2)             ; 0 (0)        ; 0           ; 0            ; 0       ; 0         ; 0         ; 0    ; 0            ; |alu|kogge_stone:myAdder|black_cell:level_13D          ; work         ;
;       |black_cell:level_14A|    ; 1 (1)             ; 0 (0)        ; 0           ; 0            ; 0       ; 0         ; 0         ; 0    ; 0            ; |alu|kogge_stone:myAdder|black_cell:level_14A          ; work         ;
;       |black_cell:level_14D|    ; 4 (4)             ; 0 (0)        ; 0           ; 0            ; 0       ; 0         ; 0         ; 0    ; 0            ; |alu|kogge_stone:myAdder|black_cell:level_14D          ; work         ;
;       |black_cell:level_15A|    ; 1 (1)             ; 0 (0)        ; 0           ; 0            ; 0       ; 0         ; 0         ; 0    ; 0            ; |alu|kogge_stone:myAdder|black_cell:level_15A          ; work         ;
;       |black_cell:level_1A|     ; 1 (1)             ; 0 (0)        ; 0           ; 0            ; 0       ; 0         ; 0         ; 0    ; 0            ; |alu|kogge_stone:myAdder|black_cell:level_1A           ; work         ;
;       |black_cell:level_1B|     ; 1 (1)             ; 0 (0)        ; 0           ; 0            ; 0       ; 0         ; 0         ; 0    ; 0            ; |alu|kogge_stone:myAdder|black_cell:level_1B           ; work         ;
;       |black_cell:level_2A|     ; 1 (1)             ; 0 (0)        ; 0           ; 0            ; 0       ; 0         ; 0         ; 0    ; 0            ; |alu|kogge_stone:myAdder|black_cell:level_2A           ; work         ;
;       |black_cell:level_3A|     ; 1 (1)             ; 0 (0)        ; 0           ; 0            ; 0       ; 0         ; 0         ; 0    ; 0            ; |alu|kogge_stone:myAdder|black_cell:level_3A           ; work         ;
;       |black_cell:level_4A|     ; 1 (1)             ; 0 (0)        ; 0           ; 0            ; 0       ; 0         ; 0         ; 0    ; 0            ; |alu|kogge_stone:myAdder|black_cell:level_4A           ; work         ;
;       |black_cell:level_4C|     ; 1 (1)             ; 0 (0)        ; 0           ; 0            ; 0       ; 0         ; 0         ; 0    ; 0            ; |alu|kogge_stone:myAdder|black_cell:level_4C           ; work         ;
;       |black_cell:level_5A|     ; 1 (1)             ; 0 (0)        ; 0           ; 0            ; 0       ; 0         ; 0         ; 0    ; 0            ; |alu|kogge_stone:myAdder|black_cell:level_5A           ; work         ;
;       |black_cell:level_5C|     ; 1 (1)             ; 0 (0)        ; 0           ; 0            ; 0       ; 0         ; 0         ; 0    ; 0            ; |alu|kogge_stone:myAdder|black_cell:level_5C           ; work         ;
;       |black_cell:level_6A|     ; 1 (1)             ; 0 (0)        ; 0           ; 0            ; 0       ; 0         ; 0         ; 0    ; 0            ; |alu|kogge_stone:myAdder|black_cell:level_6A           ; work         ;
;       |black_cell:level_6C|     ; 1 (1)             ; 0 (0)        ; 0           ; 0            ; 0       ; 0         ; 0         ; 0    ; 0            ; |alu|kogge_stone:myAdder|black_cell:level_6C           ; work         ;
;       |black_cell:level_7A|     ; 1 (1)             ; 0 (0)        ; 0           ; 0            ; 0       ; 0         ; 0         ; 0    ; 0            ; |alu|kogge_stone:myAdder|black_cell:level_7A           ; work         ;
;       |black_cell:level_7B|     ; 1 (1)             ; 0 (0)        ; 0           ; 0            ; 0       ; 0         ; 0         ; 0    ; 0            ; |alu|kogge_stone:myAdder|black_cell:level_7B           ; work         ;
;       |black_cell:level_7D|     ; 3 (3)             ; 0 (0)        ; 0           ; 0            ; 0       ; 0         ; 0         ; 0    ; 0            ; |alu|kogge_stone:myAdder|black_cell:level_7D           ; work         ;
;       |black_cell:level_8A|     ; 1 (1)             ; 0 (0)        ; 0           ; 0            ; 0       ; 0         ; 0         ; 0    ; 0            ; |alu|kogge_stone:myAdder|black_cell:level_8A           ; work         ;
;       |black_cell:level_9A|     ; 1 (1)             ; 0 (0)        ; 0           ; 0            ; 0       ; 0         ; 0         ; 0    ; 0            ; |alu|kogge_stone:myAdder|black_cell:level_9A           ; work         ;
;       |black_cell:level_9D|     ; 3 (3)             ; 0 (0)        ; 0           ; 0            ; 0       ; 0         ; 0         ; 0    ; 0            ; |alu|kogge_stone:myAdder|black_cell:level_9D           ; work         ;
;       |input_cell:level_Z0|     ; 1 (1)             ; 0 (0)        ; 0           ; 0            ; 0       ; 0         ; 0         ; 0    ; 0            ; |alu|kogge_stone:myAdder|input_cell:level_Z0           ; work         ;
;       |input_cell:level_Z10|    ; 2 (2)             ; 0 (0)        ; 0           ; 0            ; 0       ; 0         ; 0         ; 0    ; 0            ; |alu|kogge_stone:myAdder|input_cell:level_Z10          ; work         ;
;       |input_cell:level_Z11|    ; 2 (2)             ; 0 (0)        ; 0           ; 0            ; 0       ; 0         ; 0         ; 0    ; 0            ; |alu|kogge_stone:myAdder|input_cell:level_Z11          ; work         ;
;       |input_cell:level_Z12|    ; 2 (2)             ; 0 (0)        ; 0           ; 0            ; 0       ; 0         ; 0         ; 0    ; 0            ; |alu|kogge_stone:myAdder|input_cell:level_Z12          ; work         ;
;       |input_cell:level_Z13|    ; 2 (2)             ; 0 (0)        ; 0           ; 0            ; 0       ; 0         ; 0         ; 0    ; 0            ; |alu|kogge_stone:myAdder|input_cell:level_Z13          ; work         ;
;       |input_cell:level_Z14|    ; 2 (2)             ; 0 (0)        ; 0           ; 0            ; 0       ; 0         ; 0         ; 0    ; 0            ; |alu|kogge_stone:myAdder|input_cell:level_Z14          ; work         ;
;       |input_cell:level_Z15|    ; 1 (1)             ; 0 (0)        ; 0           ; 0            ; 0       ; 0         ; 0         ; 0    ; 0            ; |alu|kogge_stone:myAdder|input_cell:level_Z15          ; work         ;
;       |input_cell:level_Z1|     ; 2 (2)             ; 0 (0)        ; 0           ; 0            ; 0       ; 0         ; 0         ; 0    ; 0            ; |alu|kogge_stone:myAdder|input_cell:level_Z1           ; work         ;
;       |input_cell:level_Z2|     ; 2 (2)             ; 0 (0)        ; 0           ; 0            ; 0       ; 0         ; 0         ; 0    ; 0            ; |alu|kogge_stone:myAdder|input_cell:level_Z2           ; work         ;
;       |input_cell:level_Z3|     ; 2 (2)             ; 0 (0)        ; 0           ; 0            ; 0       ; 0         ; 0         ; 0    ; 0            ; |alu|kogge_stone:myAdder|input_cell:level_Z3           ; work         ;
;       |input_cell:level_Z4|     ; 2 (2)             ; 0 (0)        ; 0           ; 0            ; 0       ; 0         ; 0         ; 0    ; 0            ; |alu|kogge_stone:myAdder|input_cell:level_Z4           ; work         ;
;       |input_cell:level_Z5|     ; 2 (2)             ; 0 (0)        ; 0           ; 0            ; 0       ; 0         ; 0         ; 0    ; 0            ; |alu|kogge_stone:myAdder|input_cell:level_Z5           ; work         ;
;       |input_cell:level_Z6|     ; 2 (2)             ; 0 (0)        ; 0           ; 0            ; 0       ; 0         ; 0         ; 0    ; 0            ; |alu|kogge_stone:myAdder|input_cell:level_Z6           ; work         ;
;       |input_cell:level_Z7|     ; 2 (2)             ; 0 (0)        ; 0           ; 0            ; 0       ; 0         ; 0         ; 0    ; 0            ; |alu|kogge_stone:myAdder|input_cell:level_Z7           ; work         ;
;       |input_cell:level_Z8|     ; 2 (2)             ; 0 (0)        ; 0           ; 0            ; 0       ; 0         ; 0         ; 0    ; 0            ; |alu|kogge_stone:myAdder|input_cell:level_Z8           ; work         ;
;       |input_cell:level_Z9|     ; 2 (2)             ; 0 (0)        ; 0           ; 0            ; 0       ; 0         ; 0         ; 0    ; 0            ; |alu|kogge_stone:myAdder|input_cell:level_Z9           ; work         ;
;    |rotator:rotator0|           ; 50 (50)           ; 0 (0)        ; 0           ; 0            ; 0       ; 0         ; 0         ; 0    ; 0            ; |alu|rotator:rotator0                                  ; work         ;
;    |shifter:shifter0|           ; 99 (99)           ; 0 (0)        ; 0           ; 0            ; 0       ; 0         ; 0         ; 0    ; 0            ; |alu|shifter:shifter0                                  ; work         ;
+---------------------------------+-------------------+--------------+-------------+--------------+---------+-----------+-----------+------+--------------+--------------------------------------------------------+--------------+
Note: For table entries with two numbers listed, the numbers in parentheses indicate the number of resources of the given type used by the specific entity alone. The numbers listed outside of parentheses indicate the total resources of the given type used by the specific entity and all of its sub-entities in the hierarchy.


+------------------------------------------------------+
; General Register Statistics                          ;
+----------------------------------------------+-------+
; Statistic                                    ; Value ;
+----------------------------------------------+-------+
; Total registers                              ; 0     ;
; Number of registers using Synchronous Clear  ; 0     ;
; Number of registers using Synchronous Load   ; 0     ;
; Number of registers using Asynchronous Clear ; 0     ;
; Number of registers using Asynchronous Load  ; 0     ;
; Number of registers using Clock Enable       ; 0     ;
; Number of registers using Preset             ; 0     ;
+----------------------------------------------+-------+


+-----------------------------------------------------------------------------------------------------------------------------------------------------+
; Multiplexer Restructuring Statistics (Restructuring Performed)                                                                                      ;
+--------------------+-----------+---------------+----------------------+------------------------+------------+---------------------------------------+
; Multiplexer Inputs ; Bus Width ; Baseline Area ; Area if Restructured ; Saving if Restructured ; Registered ; Example Multiplexer Output            ;
+--------------------+-----------+---------------+----------------------+------------------------+------------+---------------------------------------+
; 3:1                ; 16 bits   ; 32 LEs        ; 32 LEs               ; 0 LEs                  ; No         ; |alu|shifter:shifter0|ta[10]          ;
; 3:1                ; 2 bits    ; 4 LEs         ; 4 LEs                ; 0 LEs                  ; No         ; |alu|shifter:shifter0|tb[0]           ;
; 3:1                ; 20 bits   ; 40 LEs        ; 40 LEs               ; 0 LEs                  ; No         ; |alu|rotator:rotator0|tb[2]           ;
; 3:1                ; 4 bits    ; 8 LEs         ; 8 LEs                ; 0 LEs                  ; No         ; |alu|shifter:shifter0|tc[1]           ;
; 3:1                ; 26 bits   ; 52 LEs        ; 52 LEs               ; 0 LEs                  ; No         ; |alu|rotator:rotator0|tc[13]          ;
; 5:1                ; 2 bits    ; 6 LEs         ; 4 LEs                ; 2 LEs                  ; No         ; |alu|MUL16x16:mul0|PPGen:ppgen7|Mux14 ;
; 5:1                ; 14 bits   ; 42 LEs        ; 28 LEs               ; 14 LEs                 ; No         ; |alu|MUL16x16:mul0|PPGen:ppgen1|Mux14 ;
; 5:1                ; 12 bits   ; 36 LEs        ; 24 LEs               ; 12 LEs                 ; No         ; |alu|MUL16x16:mul0|PPGen:ppgen2|Mux14 ;
; 5:1                ; 10 bits   ; 30 LEs        ; 20 LEs               ; 10 LEs                 ; No         ; |alu|MUL16x16:mul0|PPGen:ppgen3|Mux12 ;
; 5:1                ; 8 bits    ; 24 LEs        ; 16 LEs               ; 8 LEs                  ; No         ; |alu|MUL16x16:mul0|PPGen:ppgen4|Mux13 ;
; 5:1                ; 6 bits    ; 18 LEs        ; 12 LEs               ; 6 LEs                  ; No         ; |alu|MUL16x16:mul0|PPGen:ppgen5|Mux10 ;
; 5:1                ; 4 bits    ; 12 LEs        ; 8 LEs                ; 4 LEs                  ; No         ; |alu|MUL16x16:mul0|PPGen:ppgen6|Mux13 ;
; 4:1                ; 15 bits   ; 30 LEs        ; 30 LEs               ; 0 LEs                  ; No         ; |alu|MUL16x16:mul0|PPGen:ppgen0|Mux15 ;
; 16:1               ; 6 bits    ; 60 LEs        ; 36 LEs               ; 24 LEs                 ; No         ; |alu|result                           ;
; 16:1               ; 6 bits    ; 60 LEs        ; 42 LEs               ; 18 LEs                 ; No         ; |alu|result                           ;
+--------------------+-----------+---------------+----------------------+------------------------+------------+---------------------------------------+


+-----------------------------------------------------------------------------------------------------------------------------------------------------------------------------------------------------------------+
; Port Connectivity Checks: "kogge_stone:myAdder|black_cell:level_7D"                                                                                                                                             ;
+---------+-------+----------+------------------------------------------------------------------------------------------------------------------------------------------------------------------------------------+
; Port    ; Type  ; Severity ; Details                                                                                                                                                                            ;
+---------+-------+----------+------------------------------------------------------------------------------------------------------------------------------------------------------------------------------------+
; Pmj     ; Input ; Warning  ; Input port expression (32 bits) is wider than the input port (1 bits) it drives.  The 31 most-significant bit(s) in the expression will be dangling if they have no other fanouts. ;
; Pmj[-1] ; Input ; Info     ; Stuck at GND                                                                                                                                                                       ;
+---------+-------+----------+------------------------------------------------------------------------------------------------------------------------------------------------------------------------------------+


+-----------------------------------------------------------------------------------------------------------------------------------------------------------------------------------------------------------------+
; Port Connectivity Checks: "kogge_stone:myAdder|black_cell:level_3C"                                                                                                                                             ;
+---------+-------+----------+------------------------------------------------------------------------------------------------------------------------------------------------------------------------------------+
; Port    ; Type  ; Severity ; Details                                                                                                                                                                            ;
+---------+-------+----------+------------------------------------------------------------------------------------------------------------------------------------------------------------------------------------+
; Pmj     ; Input ; Warning  ; Input port expression (32 bits) is wider than the input port (1 bits) it drives.  The 31 most-significant bit(s) in the expression will be dangling if they have no other fanouts. ;
; Pmj[-1] ; Input ; Info     ; Stuck at GND                                                                                                                                                                       ;
+---------+-------+----------+------------------------------------------------------------------------------------------------------------------------------------------------------------------------------------+


+-----------------------------------------------------------------------------------------------------------------------------------------------------------------------------------------------------------------+
; Port Connectivity Checks: "kogge_stone:myAdder|black_cell:level_1B"                                                                                                                                             ;
+---------+-------+----------+------------------------------------------------------------------------------------------------------------------------------------------------------------------------------------+
; Port    ; Type  ; Severity ; Details                                                                                                                                                                            ;
+---------+-------+----------+------------------------------------------------------------------------------------------------------------------------------------------------------------------------------------+
; Pmj     ; Input ; Warning  ; Input port expression (32 bits) is wider than the input port (1 bits) it drives.  The 31 most-significant bit(s) in the expression will be dangling if they have no other fanouts. ;
; Pmj[-1] ; Input ; Info     ; Stuck at GND                                                                                                                                                                       ;
+---------+-------+----------+------------------------------------------------------------------------------------------------------------------------------------------------------------------------------------+


+-----------------------------------------------------------------------------------------------------------------------------------------------------------------------------------------------------------------+
; Port Connectivity Checks: "kogge_stone:myAdder|black_cell:level_0A"                                                                                                                                             ;
+---------+-------+----------+------------------------------------------------------------------------------------------------------------------------------------------------------------------------------------+
; Port    ; Type  ; Severity ; Details                                                                                                                                                                            ;
+---------+-------+----------+------------------------------------------------------------------------------------------------------------------------------------------------------------------------------------+
; Pmj     ; Input ; Warning  ; Input port expression (32 bits) is wider than the input port (1 bits) it drives.  The 31 most-significant bit(s) in the expression will be dangling if they have no other fanouts. ;
; Pmj[-1] ; Input ; Info     ; Stuck at GND                                                                                                                                                                       ;
+---------+-------+----------+------------------------------------------------------------------------------------------------------------------------------------------------------------------------------------+


+-----------------------------------------------------------------------------------------------------------------------------------------------------------------------------------------------------------------+
; Port Connectivity Checks: "MUL16x16:mul0|Kogge32b:ksa32|black_cell:level_15E"                                                                                                                                   ;
+---------+-------+----------+------------------------------------------------------------------------------------------------------------------------------------------------------------------------------------+
; Port    ; Type  ; Severity ; Details                                                                                                                                                                            ;
+---------+-------+----------+------------------------------------------------------------------------------------------------------------------------------------------------------------------------------------+
; Pmj     ; Input ; Warning  ; Input port expression (32 bits) is wider than the input port (1 bits) it drives.  The 31 most-significant bit(s) in the expression will be dangling if they have no other fanouts. ;
; Pmj[-1] ; Input ; Info     ; Stuck at GND                                                                                                                                                                       ;
+---------+-------+----------+------------------------------------------------------------------------------------------------------------------------------------------------------------------------------------+


+-----------------------------------------------------------------------------------------------------------------------------------------------------------------------------------------------------------------+
; Port Connectivity Checks: "MUL16x16:mul0|Kogge32b:ksa32|black_cell:level_7D"                                                                                                                                    ;
+---------+-------+----------+------------------------------------------------------------------------------------------------------------------------------------------------------------------------------------+
; Port    ; Type  ; Severity ; Details                                                                                                                                                                            ;
+---------+-------+----------+------------------------------------------------------------------------------------------------------------------------------------------------------------------------------------+
; Pmj     ; Input ; Warning  ; Input port expression (32 bits) is wider than the input port (1 bits) it drives.  The 31 most-significant bit(s) in the expression will be dangling if they have no other fanouts. ;
; Pmj[-1] ; Input ; Info     ; Stuck at GND                                                                                                                                                                       ;
+---------+-------+----------+------------------------------------------------------------------------------------------------------------------------------------------------------------------------------------+


+-----------------------------------------------------------------------------------------------------------------------------------------------------------------------------------------------------------------+
; Port Connectivity Checks: "MUL16x16:mul0|Kogge32b:ksa32|black_cell:level_3C"                                                                                                                                    ;
+---------+-------+----------+------------------------------------------------------------------------------------------------------------------------------------------------------------------------------------+
; Port    ; Type  ; Severity ; Details                                                                                                                                                                            ;
+---------+-------+----------+------------------------------------------------------------------------------------------------------------------------------------------------------------------------------------+
; Pmj     ; Input ; Warning  ; Input port expression (32 bits) is wider than the input port (1 bits) it drives.  The 31 most-significant bit(s) in the expression will be dangling if they have no other fanouts. ;
; Pmj[-1] ; Input ; Info     ; Stuck at GND                                                                                                                                                                       ;
+---------+-------+----------+------------------------------------------------------------------------------------------------------------------------------------------------------------------------------------+


+-----------------------------------------------------------------------------------------------------------------------------------------------------------------------------------------------------------------+
; Port Connectivity Checks: "MUL16x16:mul0|Kogge32b:ksa32|black_cell:level_1B"                                                                                                                                    ;
+---------+-------+----------+------------------------------------------------------------------------------------------------------------------------------------------------------------------------------------+
; Port    ; Type  ; Severity ; Details                                                                                                                                                                            ;
+---------+-------+----------+------------------------------------------------------------------------------------------------------------------------------------------------------------------------------------+
; Pmj     ; Input ; Warning  ; Input port expression (32 bits) is wider than the input port (1 bits) it drives.  The 31 most-significant bit(s) in the expression will be dangling if they have no other fanouts. ;
; Pmj[-1] ; Input ; Info     ; Stuck at GND                                                                                                                                                                       ;
+---------+-------+----------+------------------------------------------------------------------------------------------------------------------------------------------------------------------------------------+


+-----------------------------------------------------------------------------------------------------------------------------------------------------------------------------------------------------------------+
; Port Connectivity Checks: "MUL16x16:mul0|Kogge32b:ksa32|black_cell:level_0A"                                                                                                                                    ;
+---------+-------+----------+------------------------------------------------------------------------------------------------------------------------------------------------------------------------------------+
; Port    ; Type  ; Severity ; Details                                                                                                                                                                            ;
+---------+-------+----------+------------------------------------------------------------------------------------------------------------------------------------------------------------------------------------+
; Pmj     ; Input ; Warning  ; Input port expression (32 bits) is wider than the input port (1 bits) it drives.  The 31 most-significant bit(s) in the expression will be dangling if they have no other fanouts. ;
; Pmj[-1] ; Input ; Info     ; Stuck at GND                                                                                                                                                                       ;
+---------+-------+----------+------------------------------------------------------------------------------------------------------------------------------------------------------------------------------------+


+------------------------------------------------------------------------------------------------------------------------------------------------------------------------------------------------------------------+
; Port Connectivity Checks: "MUL16x16:mul0|Kogge32b:ksa32"                                                                                                                                                         ;
+---------+--------+----------+------------------------------------------------------------------------------------------------------------------------------------------------------------------------------------+
; Port    ; Type   ; Severity ; Details                                                                                                                                                                            ;
+---------+--------+----------+------------------------------------------------------------------------------------------------------------------------------------------------------------------------------------+
; y[1]    ; Input  ; Info     ; Stuck at GND                                                                                                                                                                       ;
; cin     ; Input  ; Warning  ; Input port expression (32 bits) is wider than the input port (1 bits) it drives.  The 31 most-significant bit(s) in the expression will be dangling if they have no other fanouts. ;
; cin[-1] ; Input  ; Info     ; Stuck at GND                                                                                                                                                                       ;
; sum     ; Output ; Warning  ; Output or bidir port (32 bits) is wider than the port expression (31 bits) it drives; bit(s) "sum[31..31]" have no fanouts                                                         ;
+---------+--------+----------+------------------------------------------------------------------------------------------------------------------------------------------------------------------------------------+


+--------------------------------------------------------------------------------------------------------------------+
; Port Connectivity Checks: "MUL16x16:mul0|CSA_HA:CSAHA"                                                             ;
+----------+--------+----------+-------------------------------------------------------------------------------------+
; Port     ; Type   ; Severity ; Details                                                                             ;
+----------+--------+----------+-------------------------------------------------------------------------------------+
; cout[17] ; Output ; Info     ; Connected to dangling logic. Logic that only feeds a dangling port will be removed. ;
+----------+--------+----------+-------------------------------------------------------------------------------------+


+------------------------------------------------------------------------------------------------------------------------+
; Port Connectivity Checks: "MUL16x16:mul0|CSA:CSA5"                                                                     ;
+--------------+--------+----------+-------------------------------------------------------------------------------------+
; Port         ; Type   ; Severity ; Details                                                                             ;
+--------------+--------+----------+-------------------------------------------------------------------------------------+
; a[20..19]    ; Input  ; Info     ; Stuck at GND                                                                        ;
; b[20]        ; Input  ; Info     ; Stuck at GND                                                                        ;
; b[0]         ; Input  ; Info     ; Stuck at GND                                                                        ;
; c[20]        ; Input  ; Info     ; Stuck at VCC                                                                        ;
; c[1]         ; Input  ; Info     ; Stuck at GND                                                                        ;
; cout[20..19] ; Output ; Info     ; Connected to dangling logic. Logic that only feeds a dangling port will be removed. ;
; sum[20]      ; Output ; Info     ; Connected to dangling logic. Logic that only feeds a dangling port will be removed. ;
+--------------+--------+----------+-------------------------------------------------------------------------------------+


+----------------------------------------------------+
; Port Connectivity Checks: "MUL16x16:mul0|CSA:CSA4" ;
+-----------+-------+----------+---------------------+
; Port      ; Type  ; Severity ; Details             ;
+-----------+-------+----------+---------------------+
; a[20..19] ; Input ; Info     ; Stuck at GND        ;
; b[20]     ; Input ; Info     ; Stuck at GND        ;
; b[0]      ; Input ; Info     ; Stuck at GND        ;
; c[20]     ; Input ; Info     ; Stuck at VCC        ;
; c[1]      ; Input ; Info     ; Stuck at GND        ;
+-----------+-------+----------+---------------------+


+----------------------------------------------------+
; Port Connectivity Checks: "MUL16x16:mul0|CSA:CSA3" ;
+-----------+-------+----------+---------------------+
; Port      ; Type  ; Severity ; Details             ;
+-----------+-------+----------+---------------------+
; a[20..19] ; Input ; Info     ; Stuck at GND        ;
; b[20]     ; Input ; Info     ; Stuck at GND        ;
; b[0]      ; Input ; Info     ; Stuck at GND        ;
; c[20]     ; Input ; Info     ; Stuck at VCC        ;
; c[1]      ; Input ; Info     ; Stuck at GND        ;
+-----------+-------+----------+---------------------+


+----------------------------------------------------+
; Port Connectivity Checks: "MUL16x16:mul0|CSA:CSA2" ;
+-----------+-------+----------+---------------------+
; Port      ; Type  ; Severity ; Details             ;
+-----------+-------+----------+---------------------+
; a[20..19] ; Input ; Info     ; Stuck at GND        ;
; b[20]     ; Input ; Info     ; Stuck at GND        ;
; b[0]      ; Input ; Info     ; Stuck at GND        ;
; c[20]     ; Input ; Info     ; Stuck at VCC        ;
; c[1]      ; Input ; Info     ; Stuck at GND        ;
+-----------+-------+----------+---------------------+


+----------------------------------------------------+
; Port Connectivity Checks: "MUL16x16:mul0|CSA:CSA1" ;
+-----------+-------+----------+---------------------+
; Port      ; Type  ; Severity ; Details             ;
+-----------+-------+----------+---------------------+
; a[20..19] ; Input ; Info     ; Stuck at GND        ;
; b[20]     ; Input ; Info     ; Stuck at GND        ;
; b[0]      ; Input ; Info     ; Stuck at GND        ;
; c[20]     ; Input ; Info     ; Stuck at VCC        ;
; c[1]      ; Input ; Info     ; Stuck at GND        ;
+-----------+-------+----------+---------------------+


+----------------------------------------------------+
; Port Connectivity Checks: "MUL16x16:mul0|CSA:CSA0" ;
+-----------+-------+----------+---------------------+
; Port      ; Type  ; Severity ; Details             ;
+-----------+-------+----------+---------------------+
; a[20..18] ; Input ; Info     ; Stuck at GND        ;
; b[20..19] ; Input ; Info     ; Stuck at GND        ;
; b[18]     ; Input ; Info     ; Stuck at VCC        ;
; c[1..0]   ; Input ; Info     ; Stuck at GND        ;
; c[20]     ; Input ; Info     ; Stuck at VCC        ;
+-----------+-------+----------+---------------------+


+----------------------------------------------------------------------------------------------------------------------+
; Port Connectivity Checks: "MUL16x16:mul0|BOOTH:booth8"                                                               ;
+------------+--------+----------+-------------------------------------------------------------------------------------+
; Port       ; Type   ; Severity ; Details                                                                             ;
+------------+--------+----------+-------------------------------------------------------------------------------------+
; data[2..1] ; Input  ; Info     ; Stuck at GND                                                                        ;
; sel        ; Output ; Info     ; Connected to dangling logic. Logic that only feeds a dangling port will be removed. ;
+------------+--------+----------+-------------------------------------------------------------------------------------+


+--------------------------------------------------------+
; Port Connectivity Checks: "MUL16x16:mul0|BOOTH:booth0" ;
+---------+-------+----------+---------------------------+
; Port    ; Type  ; Severity ; Details                   ;
+---------+-------+----------+---------------------------+
; data[0] ; Input ; Info     ; Stuck at GND              ;
+---------+-------+----------+---------------------------+


+---------------------------------------------------------------------------------------------------------------------------------------------------------------------------------------------------------+
; Port Connectivity Checks: "MUL16x16:mul0"                                                                                                                                                               ;
+-----------+--------+----------+-------------------------------------------------------------------------------------------------------------------------------------------------------------------------+
; Port      ; Type   ; Severity ; Details                                                                                                                                                                 ;
+-----------+--------+----------+-------------------------------------------------------------------------------------------------------------------------------------------------------------------------+
; z         ; Output ; Warning  ; Output or bidir port (31 bits) is smaller than the port expression (32 bits) it drives.  The 1 most-significant bit(s) in the port expression will be connected to GND. ;
; z[30..17] ; Output ; Info     ; Connected to dangling logic. Logic that only feeds a dangling port will be removed.                                                                                     ;
; ov        ; Output ; Info     ; Connected to dangling logic. Logic that only feeds a dangling port will be removed.                                                                                     ;
+-----------+--------+----------+-------------------------------------------------------------------------------------------------------------------------------------------------------------------------+


+---------------------------------------------------------------------------------------------------------------------------------------------------------------------------------------------------------------+
; Port Connectivity Checks: "rotator:rotator0"                                                                                                                                                                  ;
+-------+-------+----------+------------------------------------------------------------------------------------------------------------------------------------------------------------------------------------+
; Port  ; Type  ; Severity ; Details                                                                                                                                                                            ;
+-------+-------+----------+------------------------------------------------------------------------------------------------------------------------------------------------------------------------------------+
; shift ; Input ; Warning  ; Input port expression (16 bits) is wider than the input port (4 bits) it drives.  The 12 most-significant bit(s) in the expression will be dangling if they have no other fanouts. ;
+-------+-------+----------+------------------------------------------------------------------------------------------------------------------------------------------------------------------------------------+


+---------------------------------------------------------------------------------------------------------------------------------------------------------------------------------------------------------------+
; Port Connectivity Checks: "shifter:shifter0"                                                                                                                                                                  ;
+-------+-------+----------+------------------------------------------------------------------------------------------------------------------------------------------------------------------------------------+
; Port  ; Type  ; Severity ; Details                                                                                                                                                                            ;
+-------+-------+----------+------------------------------------------------------------------------------------------------------------------------------------------------------------------------------------+
; shift ; Input ; Warning  ; Input port expression (16 bits) is wider than the input port (4 bits) it drives.  The 12 most-significant bit(s) in the expression will be dangling if they have no other fanouts. ;
+-------+-------+----------+------------------------------------------------------------------------------------------------------------------------------------------------------------------------------------+


+-------------------------------+
; Elapsed Time Per Partition    ;
+----------------+--------------+
; Partition Name ; Elapsed Time ;
+----------------+--------------+
; Top            ; 00:00:02     ;
+----------------+--------------+


+-------------------------------+
; Analysis & Synthesis Messages ;
+-------------------------------+
Info: *******************************************************************
Info: Running Quartus II 64-Bit Analysis & Synthesis
    Info: Version 13.1.0 Build 162 10/23/2013 SJ Web Edition
    Info: Processing started: Sat Dec 05 02:29:12 2020
Info: Command: quartus_map --read_settings_files=on --write_settings_files=off ALU -c ALU
Warning (20028): Parallel compilation is not licensed and has been disabled
Info (12021): Found 1 design units, including 1 entities, in source file shifter.v
    Info (12023): Found entity 1: shifter
Info (12021): Found 1 design units, including 1 entities, in source file rotator.v
    Info (12023): Found entity 1: rotator
Info (12021): Found 7 design units, including 7 entities, in source file mul16x16.v
    Info (12023): Found entity 1: BOOTH
    Info (12023): Found entity 2: PPGen
    Info (12023): Found entity 3: MUL16x16
    Info (12023): Found entity 4: CSA
    Info (12023): Found entity 5: CSA_HA
    Info (12023): Found entity 6: FA
    Info (12023): Found entity 7: HA
Info (12021): Found 4 design units, including 4 entities, in source file kogge32b.v
    Info (12023): Found entity 1: Kogge32b
    Info (12023): Found entity 2: input_cell
    Info (12023): Found entity 3: black_cell
    Info (12023): Found entity 4: carry_eval_cell
Info (12021): Found 1 design units, including 1 entities, in source file kogge_stone.v
    Info (12023): Found entity 1: kogge_stone
Info (12021): Found 1 design units, including 1 entities, in source file alu.v
    Info (12023): Found entity 1: alu
Info (12021): Found 1 design units, including 1 entities, in source file alu_tb.v
    Info (12023): Found entity 1: alu_tb
Info (12127): Elaborating entity "alu" for the top level hierarchy
Info (12128): Elaborating entity "shifter" for hierarchy "shifter:shifter0"
Info (12128): Elaborating entity "rotator" for hierarchy "rotator:rotator0"
Info (12128): Elaborating entity "MUL16x16" for hierarchy "MUL16x16:mul0"
Info (12128): Elaborating entity "BOOTH" for hierarchy "MUL16x16:mul0|BOOTH:booth0"
Info (12128): Elaborating entity "PPGen" for hierarchy "MUL16x16:mul0|PPGen:ppgen0"
Info (12128): Elaborating entity "CSA" for hierarchy "MUL16x16:mul0|CSA:CSA0"
Info (12128): Elaborating entity "FA" for hierarchy "MUL16x16:mul0|CSA:CSA0|FA:fadd20"
Info (12128): Elaborating entity "CSA_HA" for hierarchy "MUL16x16:mul0|CSA_HA:CSAHA"
Info (12128): Elaborating entity "HA" for hierarchy "MUL16x16:mul0|CSA_HA:CSAHA|HA:hadd17"
Info (12128): Elaborating entity "Kogge32b" for hierarchy "MUL16x16:mul0|Kogge32b:ksa32"
Info (12128): Elaborating entity "input_cell" for hierarchy "MUL16x16:mul0|Kogge32b:ksa32|input_cell:level_Z0"
Info (12128): Elaborating entity "black_cell" for hierarchy "MUL16x16:mul0|Kogge32b:ksa32|black_cell:level_0A"
Info (12128): Elaborating entity "carry_eval_cell" for hierarchy "MUL16x16:mul0|Kogge32b:ksa32|carry_eval_cell:c1"
Info (12128): Elaborating entity "kogge_stone" for hierarchy "kogge_stone:myAdder"
Warning (12241): 13 hierarchies have connectivity warnings - see the Connectivity Checks report folder
Info (286030): Timing-Driven Synthesis is running
Info (144001): Generated suppressed messages file D:/Project/2020-2/DigitalSystem/Quartus/Lab08/output_files/ALU.map.smsg
Info (16010): Generating hard_block partition "hard_block:auto_generated_inst"
    Info (16011): Adding 0 node(s), including 0 DDIO, 0 PLL, 0 transceiver and 0 LCELL
Info (21057): Implemented 772 device resources after synthesis - the final resource count might be different
    Info (21058): Implemented 37 input pins
    Info (21059): Implemented 20 output pins
    Info (21061): Implemented 715 logic cells
Info: Quartus II 64-Bit Analysis & Synthesis was successful. 0 errors, 2 warnings
    Info: Peak virtual memory: 4691 megabytes
    Info: Processing ended: Sat Dec 05 02:29:17 2020
    Info: Elapsed time: 00:00:05
    Info: Total CPU time (on all processors): 00:00:04


+------------------------------------------+
; Analysis & Synthesis Suppressed Messages ;
+------------------------------------------+
The suppressed messages can be found in D:/Project/2020-2/DigitalSystem/Quartus/Lab08/output_files/ALU.map.smsg.


